2025-02-15 13:47:59 info: Starting scraper
2025-02-15 13:48:08 info: Count registers to download (RG) - Altas: 49 - Bajas: 63 - Day from: 14 - Day to: 14
2025-02-15 13:48:16 info: Scraper finished
2025-02-15 18:38:37 info: Starting scraper
2025-02-15 18:38:44 info: Count registers to download (RG) - Altas: 49 - Bajas: 63 - Day from: 14 - Day to: 14
2025-02-15 18:38:52 info: Scraper finished
2025-02-15 18:38:52 info: Starting scraper
2025-02-15 18:39:07 info: Count registers to download (MONO) - Altas: 2 - Bajas: 0 - Day from: 14 - Day to: 14
2025-02-15 18:39:15 info: Scraper finished
2025-02-15 18:49:36 info: Starting scraper
2025-02-15 18:49:42 info: Count registers to download (RG) - Altas: 49 - Bajas: 63 - Day from: 14 - Day to: 14
2025-02-15 18:49:50 info: Scraper finished
2025-02-15 18:49:50 info: Starting scraper
2025-02-15 18:50:00 info: Count registers to download (MONO) - Altas: 2 - Bajas: 0 - Day from: 14 - Day to: 14
2025-02-15 18:50:09 info: Scraper finished
2025-02-15 18:50:09 info: Init read file.
2025-02-15 18:50:09 info: File read successfully.
2025-02-15 18:50:09 info: Init parse file.
2025-02-15 18:50:09 info: File parsed successfully.
2025-02-15 18:50:09 info: Init parse file to object.
2025-02-15 18:50:09 info: File parsed successfully.
2025-02-15 18:50:09 info: Init saved in db.
2025-02-15 18:50:09 info: Init read file.
2025-02-15 18:50:09 info: File read successfully.
2025-02-15 18:50:09 info: Init parse file.
2025-02-15 18:50:09 info: File parsed successfully.
2025-02-15 18:50:09 info: Init parse file to object.
2025-02-15 18:50:09 info: File parsed successfully.
2025-02-15 18:50:09 info: Init saved in db.
2025-02-15 18:50:09 info: Init read file.
2025-02-15 18:50:09 info: File read successfully.
2025-02-15 18:50:09 info: Init parse file.
2025-02-15 18:50:09 info: File parsed successfully.
2025-02-15 18:50:09 info: Init parse file to object.
2025-02-15 18:50:09 info: File parsed successfully.
2025-02-15 18:50:09 info: Init saved in db.
2025-02-15 18:50:09 info: Init read file.
2025-02-15 18:50:09 info: File read successfully.
2025-02-15 18:50:09 info: Init parse file.
2025-02-15 18:50:09 info: File parsed successfully.
2025-02-15 18:50:09 info: Init parse file to object.
2025-02-15 18:50:09 info: File parsed successfully.
2025-02-15 18:50:09 info: Init saved in db.
2025-02-15 18:50:09 info: Data saved successfully.
2025-02-15 18:52:43 info: Init read file.
2025-02-15 18:52:43 info: File read successfully.
2025-02-15 18:52:43 info: Init parse file.
2025-02-15 18:52:43 info: File parsed successfully.
2025-02-15 18:52:43 info: Init parse file to object.
2025-02-15 18:52:43 info: File parsed successfully.
2025-02-15 18:52:43 info: Init read file.
2025-02-15 18:52:43 info: File read successfully.
2025-02-15 18:52:43 info: Init parse file.
2025-02-15 18:52:43 info: File parsed successfully.
2025-02-15 18:52:43 info: Init parse file to object.
2025-02-15 18:52:43 info: File parsed successfully.
2025-02-15 18:52:43 info: Init read file.
2025-02-15 18:52:43 info: File read successfully.
2025-02-15 18:52:43 info: Init parse file.
2025-02-15 18:52:43 info: File parsed successfully.
2025-02-15 18:52:43 info: Init parse file to object.
2025-02-15 18:52:43 info: File parsed successfully.
2025-02-15 18:52:43 info: Init read file.
2025-02-15 18:52:43 info: File read successfully.
2025-02-15 18:52:43 info: Init parse file.
2025-02-15 18:52:43 info: File parsed successfully.
2025-02-15 18:52:43 info: Init parse file to object.
2025-02-15 18:52:43 info: File parsed successfully.
2025-02-15 18:53:27 info: Init read file.
2025-02-15 18:53:27 info: File read successfully.
2025-02-15 18:53:27 info: Init parse file.
2025-02-15 18:53:27 info: File parsed successfully.
2025-02-15 18:53:27 info: Init parse file to object.
2025-02-15 18:53:27 info: File parsed successfully.
2025-02-15 18:54:15 info: Init read file.
2025-02-15 18:54:15 info: File read successfully.
2025-02-15 18:54:15 info: Init parse file.
2025-02-15 18:54:15 info: File parsed successfully.
2025-02-15 18:54:15 info: Init parse file to object.
2025-02-15 18:54:15 info: File parsed successfully.
2025-02-15 18:54:59 info: Init read file.
2025-02-15 18:54:59 info: File read successfully.
2025-02-15 18:54:59 info: Init parse file.
2025-02-15 18:54:59 info: File parsed successfully.
2025-02-15 18:54:59 info: Init parse file to object.
2025-02-15 18:54:59 info: File parsed successfully.
2025-02-15 18:58:46 info: Init read file.
2025-02-15 18:58:46 info: File read successfully.
2025-02-15 18:58:46 info: Init parse file.
2025-02-15 18:58:46 info: File parsed successfully.
2025-02-15 18:58:46 info: Init parse file to object.
2025-02-15 18:58:46 info: File parsed successfully.
2025-02-15 18:59:52 info: Init read file.
2025-02-15 18:59:52 info: File read successfully.
2025-02-15 18:59:52 info: Init parse file.
2025-02-15 18:59:52 info: File parsed successfully.
2025-02-15 18:59:52 info: Init parse file to object.
2025-02-15 18:59:52 info: File parsed successfully.
2025-02-15 19:01:54 info: Init read file.
2025-02-15 19:01:54 info: File read successfully.
2025-02-15 19:01:54 info: Init parse file.
2025-02-15 19:01:54 info: File parsed successfully.
2025-02-15 19:01:54 info: Init parse file to object.
2025-02-15 19:01:54 info: File parsed successfully.
2025-02-15 19:02:33 info: Starting scraper
2025-02-15 19:02:39 info: Count registers to download (RG) - Altas: 49 - Bajas: 63 - Day from: 14 - Day to: 14
2025-02-15 19:02:47 info: Scraper finished
2025-02-15 19:02:47 info: Starting scraper
2025-02-15 19:03:02 info: Count registers to download (MONO) - Altas: 2 - Bajas: 0 - Day from: 14 - Day to: 14
2025-02-15 19:03:11 info: Scraper finished
2025-02-15 19:03:53 info: Starting scraper
2025-02-15 19:03:59 info: Count registers to download (RG) - Altas: 49 - Bajas: 63 - Day from: 14 - Day to: 14
2025-02-15 19:04:07 info: Scraper finished
2025-02-15 19:04:07 info: Starting scraper
2025-02-15 19:04:22 info: Count registers to download (MONO) - Altas: 2 - Bajas: 0 - Day from: 14 - Day to: 14
2025-02-15 19:04:30 info: Scraper finished
2025-02-15 19:04:30 info: Init read file.
2025-02-15 19:04:30 info: File read successfully.
2025-02-15 19:04:30 info: Init parse file.
2025-02-15 19:04:30 info: File parsed successfully.
2025-02-15 19:04:30 info: Init parse file to object.
2025-02-15 19:04:30 info: File parsed successfully.
2025-02-15 19:04:30 info: Init saved in db.
2025-02-15 19:04:30 info: Init read file.
2025-02-15 19:04:30 info: File read successfully.
2025-02-15 19:04:30 info: Init parse file.
2025-02-15 19:04:30 info: File parsed successfully.
2025-02-15 19:04:30 info: Init parse file to object.
2025-02-15 19:04:30 info: File parsed successfully.
2025-02-15 19:04:30 info: Init saved in db.
2025-02-15 19:04:30 info: Init read file.
2025-02-15 19:04:30 error: Error to read file.
2025-02-15 19:04:30 info: Init read file.
2025-02-15 19:04:30 info: File read successfully.
2025-02-15 19:04:30 info: Init parse file.
2025-02-15 19:04:30 info: File parsed successfully.
2025-02-15 19:04:30 info: Init parse file to object.
2025-02-15 19:04:30 info: File parsed successfully.
2025-02-15 19:04:30 info: Init saved in db.
2025-02-15 19:04:30 info: Data saved successfully.
2025-02-15 19:04:30 info: Data saved successfully.
2025-02-15 19:04:30 info: Data saved successfully.
